../Drivers/BSP/STM32F769I-Discovery/stm32f769i_discovery_sd.c:148:9:BSP_SD_Init	16	static
../Drivers/BSP/STM32F769I-Discovery/stm32f769i_discovery_sd.c:199:9:BSP_SD_DeInit	16	static
../Drivers/BSP/STM32F769I-Discovery/stm32f769i_discovery_sd.c:222:9:BSP_SD_ITConfig	32	static
../Drivers/BSP/STM32F769I-Discovery/stm32f769i_discovery_sd.c:244:9:BSP_SD_IsDetected	16	static
../Drivers/BSP/STM32F769I-Discovery/stm32f769i_discovery_sd.c:265:9:BSP_SD_ReadBlocks	32	static
../Drivers/BSP/STM32F769I-Discovery/stm32f769i_discovery_sd.c:285:9:BSP_SD_WriteBlocks	32	static
../Drivers/BSP/STM32F769I-Discovery/stm32f769i_discovery_sd.c:304:9:BSP_SD_ReadBlocks_DMA	24	static
../Drivers/BSP/STM32F769I-Discovery/stm32f769i_discovery_sd.c:324:9:BSP_SD_WriteBlocks_DMA	24	static
../Drivers/BSP/STM32F769I-Discovery/stm32f769i_discovery_sd.c:343:9:BSP_SD_Erase	16	static
../Drivers/BSP/STM32F769I-Discovery/stm32f769i_discovery_sd.c:360:13:BSP_SD_MspInit	56	static
../Drivers/BSP/STM32F769I-Discovery/stm32f769i_discovery_sd.c:465:13:BSP_SD_Detect_MspInit	40	static
../Drivers/BSP/STM32F769I-Discovery/stm32f769i_discovery_sd.c:484:13:BSP_SD_MspDeInit	16	static
../Drivers/BSP/STM32F769I-Discovery/stm32f769i_discovery_sd.c:521:9:BSP_SD_GetCardState	8	static
../Drivers/BSP/STM32F769I-Discovery/stm32f769i_discovery_sd.c:532:6:BSP_SD_GetCardInfo	16	static
../Drivers/BSP/STM32F769I-Discovery/stm32f769i_discovery_sd.c:543:6:HAL_SD_AbortCallback	16	static
../Drivers/BSP/STM32F769I-Discovery/stm32f769i_discovery_sd.c:553:6:HAL_SD_TxCpltCallback	16	static
../Drivers/BSP/STM32F769I-Discovery/stm32f769i_discovery_sd.c:563:6:HAL_SD_RxCpltCallback	16	static
../Drivers/BSP/STM32F769I-Discovery/stm32f769i_discovery_sd.c:572:13:BSP_SD_AbortCallback	4	static
../Drivers/BSP/STM32F769I-Discovery/stm32f769i_discovery_sd.c:581:13:BSP_SD_WriteCpltCallback	4	static
../Drivers/BSP/STM32F769I-Discovery/stm32f769i_discovery_sd.c:590:13:BSP_SD_ReadCpltCallback	4	static
