../Drivers/STM32F7xx_HAL_Driver/Src/stm32f7xx_hal_smartcard.c:308:19:HAL_SMARTCARD_Init	16	static
../Drivers/STM32F7xx_HAL_Driver/Src/stm32f7xx_hal_smartcard.c:381:19:HAL_SMARTCARD_DeInit	16	static
../Drivers/STM32F7xx_HAL_Driver/Src/stm32f7xx_hal_smartcard.c:431:13:HAL_SMARTCARD_MspInit	16	static
../Drivers/STM32F7xx_HAL_Driver/Src/stm32f7xx_hal_smartcard.c:447:13:HAL_SMARTCARD_MspDeInit	16	static
../Drivers/STM32F7xx_HAL_Driver/Src/stm32f7xx_hal_smartcard.c:772:19:HAL_SMARTCARD_Transmit	40	static
../Drivers/STM32F7xx_HAL_Driver/Src/stm32f7xx_hal_smartcard.c:857:19:HAL_SMARTCARD_Receive	40	static
../Drivers/STM32F7xx_HAL_Driver/Src/stm32f7xx_hal_smartcard.c:918:19:HAL_SMARTCARD_Transmit_IT	24	static
../Drivers/STM32F7xx_HAL_Driver/Src/stm32f7xx_hal_smartcard.c:979:19:HAL_SMARTCARD_Receive_IT	24	static
../Drivers/STM32F7xx_HAL_Driver/Src/stm32f7xx_hal_smartcard.c:1028:19:HAL_SMARTCARD_Transmit_DMA	24	static
../Drivers/STM32F7xx_HAL_Driver/Src/stm32f7xx_hal_smartcard.c:1117:19:HAL_SMARTCARD_Receive_DMA	24	static
../Drivers/STM32F7xx_HAL_Driver/Src/stm32f7xx_hal_smartcard.c:1197:19:HAL_SMARTCARD_Abort	16	static
../Drivers/STM32F7xx_HAL_Driver/Src/stm32f7xx_hal_smartcard.c:1286:19:HAL_SMARTCARD_AbortTransmit	16	static
../Drivers/STM32F7xx_HAL_Driver/Src/stm32f7xx_hal_smartcard.c:1348:19:HAL_SMARTCARD_AbortReceive	16	static
../Drivers/STM32F7xx_HAL_Driver/Src/stm32f7xx_hal_smartcard.c:1415:19:HAL_SMARTCARD_Abort_IT	24	static
../Drivers/STM32F7xx_HAL_Driver/Src/stm32f7xx_hal_smartcard.c:1554:19:HAL_SMARTCARD_AbortTransmit_IT	16	static
../Drivers/STM32F7xx_HAL_Driver/Src/stm32f7xx_hal_smartcard.c:1648:19:HAL_SMARTCARD_AbortReceive_IT	16	static
../Drivers/STM32F7xx_HAL_Driver/Src/stm32f7xx_hal_smartcard.c:1741:6:HAL_SMARTCARD_IRQHandler	40	static
../Drivers/STM32F7xx_HAL_Driver/Src/stm32f7xx_hal_smartcard.c:1997:13:HAL_SMARTCARD_TxCpltCallback	16	static
../Drivers/STM32F7xx_HAL_Driver/Src/stm32f7xx_hal_smartcard.c:2013:13:HAL_SMARTCARD_RxCpltCallback	16	static
../Drivers/STM32F7xx_HAL_Driver/Src/stm32f7xx_hal_smartcard.c:2029:13:HAL_SMARTCARD_ErrorCallback	16	static
../Drivers/STM32F7xx_HAL_Driver/Src/stm32f7xx_hal_smartcard.c:2045:13:HAL_SMARTCARD_AbortCpltCallback	16	static
../Drivers/STM32F7xx_HAL_Driver/Src/stm32f7xx_hal_smartcard.c:2061:13:HAL_SMARTCARD_AbortTransmitCpltCallback	16	static
../Drivers/STM32F7xx_HAL_Driver/Src/stm32f7xx_hal_smartcard.c:2077:13:HAL_SMARTCARD_AbortReceiveCpltCallback	16	static
../Drivers/STM32F7xx_HAL_Driver/Src/stm32f7xx_hal_smartcard.c:2116:28:HAL_SMARTCARD_GetState	24	static
../Drivers/STM32F7xx_HAL_Driver/Src/stm32f7xx_hal_smartcard.c:2133:10:HAL_SMARTCARD_GetError	16	static
../Drivers/STM32F7xx_HAL_Driver/Src/stm32f7xx_hal_smartcard.c:2175:26:SMARTCARD_SetConfig	32	static
../Drivers/STM32F7xx_HAL_Driver/Src/stm32f7xx_hal_smartcard.c:2293:13:SMARTCARD_AdvFeatureConfig	16	static
../Drivers/STM32F7xx_HAL_Driver/Src/stm32f7xx_hal_smartcard.c:2355:26:SMARTCARD_CheckIdleState	32	static
../Drivers/STM32F7xx_HAL_Driver/Src/stm32f7xx_hal_smartcard.c:2397:26:SMARTCARD_WaitOnFlagUntilTimeout	24	static
../Drivers/STM32F7xx_HAL_Driver/Src/stm32f7xx_hal_smartcard.c:2431:13:SMARTCARD_EndTxTransfer	16	static
../Drivers/STM32F7xx_HAL_Driver/Src/stm32f7xx_hal_smartcard.c:2448:13:SMARTCARD_EndRxTransfer	16	static
../Drivers/STM32F7xx_HAL_Driver/Src/stm32f7xx_hal_smartcard.c:2465:13:SMARTCARD_DMATransmitCplt	24	static
../Drivers/STM32F7xx_HAL_Driver/Src/stm32f7xx_hal_smartcard.c:2484:13:SMARTCARD_DMAReceiveCplt	24	static
../Drivers/STM32F7xx_HAL_Driver/Src/stm32f7xx_hal_smartcard.c:2515:13:SMARTCARD_DMAError	24	static
../Drivers/STM32F7xx_HAL_Driver/Src/stm32f7xx_hal_smartcard.c:2555:13:SMARTCARD_DMAAbortOnError	24	static
../Drivers/STM32F7xx_HAL_Driver/Src/stm32f7xx_hal_smartcard.c:2578:13:SMARTCARD_DMATxAbortCallback	24	static
../Drivers/STM32F7xx_HAL_Driver/Src/stm32f7xx_hal_smartcard.c:2627:13:SMARTCARD_DMARxAbortCallback	24	static
../Drivers/STM32F7xx_HAL_Driver/Src/stm32f7xx_hal_smartcard.c:2676:13:SMARTCARD_DMATxOnlyAbortCallback	24	static
../Drivers/STM32F7xx_HAL_Driver/Src/stm32f7xx_hal_smartcard.c:2705:13:SMARTCARD_DMARxOnlyAbortCallback	24	static
../Drivers/STM32F7xx_HAL_Driver/Src/stm32f7xx_hal_smartcard.c:2736:13:SMARTCARD_TxISR	16	static
../Drivers/STM32F7xx_HAL_Driver/Src/stm32f7xx_hal_smartcard.c:2764:13:SMARTCARD_EndTransmit_IT	16	static
../Drivers/STM32F7xx_HAL_Driver/Src/stm32f7xx_hal_smartcard.c:2809:13:SMARTCARD_RxISR	16	static
