../Drivers/STM32F7xx_HAL_Driver/Src/stm32f7xx_hal_jpeg.c:498:19:HAL_JPEG_Init	16	static
../Drivers/STM32F7xx_HAL_Driver/Src/stm32f7xx_hal_jpeg.c:624:19:HAL_JPEG_DeInit	16	static
../Drivers/STM32F7xx_HAL_Driver/Src/stm32f7xx_hal_jpeg.c:675:13:HAL_JPEG_MspInit	16	static
../Drivers/STM32F7xx_HAL_Driver/Src/stm32f7xx_hal_jpeg.c:691:13:HAL_JPEG_MspDeInit	16	static
../Drivers/STM32F7xx_HAL_Driver/Src/stm32f7xx_hal_jpeg.c:1116:19:HAL_JPEG_ConfigEncoding	40	static
../Drivers/STM32F7xx_HAL_Driver/Src/stm32f7xx_hal_jpeg.c:1302:19:HAL_JPEG_GetInfo	32	static
../Drivers/STM32F7xx_HAL_Driver/Src/stm32f7xx_hal_jpeg.c:1373:19:HAL_JPEG_EnableHeaderParsing	16	static
../Drivers/STM32F7xx_HAL_Driver/Src/stm32f7xx_hal_jpeg.c:1409:19:HAL_JPEG_DisableHeaderParsing	16	static
../Drivers/STM32F7xx_HAL_Driver/Src/stm32f7xx_hal_jpeg.c:1456:20:HAL_JPEG_SetUserQuantTables	24	static
../Drivers/STM32F7xx_HAL_Driver/Src/stm32f7xx_hal_jpeg.c:1531:20:HAL_JPEG_Encode	32	static
../Drivers/STM32F7xx_HAL_Driver/Src/stm32f7xx_hal_jpeg.c:1635:20:HAL_JPEG_Decode	32	static
../Drivers/STM32F7xx_HAL_Driver/Src/stm32f7xx_hal_jpeg.c:1729:20:HAL_JPEG_Encode_IT	24	static
../Drivers/STM32F7xx_HAL_Driver/Src/stm32f7xx_hal_jpeg.c:1799:20:HAL_JPEG_Decode_IT	24	static
../Drivers/STM32F7xx_HAL_Driver/Src/stm32f7xx_hal_jpeg.c:1859:20:HAL_JPEG_Encode_DMA	24	static
../Drivers/STM32F7xx_HAL_Driver/Src/stm32f7xx_hal_jpeg.c:1940:20:HAL_JPEG_Decode_DMA	24	static
../Drivers/STM32F7xx_HAL_Driver/Src/stm32f7xx_hal_jpeg.c:2010:20:HAL_JPEG_Pause	24	static
../Drivers/STM32F7xx_HAL_Driver/Src/stm32f7xx_hal_jpeg.c:2066:20:HAL_JPEG_Resume	24	static
../Drivers/STM32F7xx_HAL_Driver/Src/stm32f7xx_hal_jpeg.c:2160:6:HAL_JPEG_ConfigInputBuffer	24	static
../Drivers/STM32F7xx_HAL_Driver/Src/stm32f7xx_hal_jpeg.c:2174:6:HAL_JPEG_ConfigOutputBuffer	24	static
../Drivers/STM32F7xx_HAL_Driver/Src/stm32f7xx_hal_jpeg.c:2186:19:HAL_JPEG_Abort	24	static
../Drivers/STM32F7xx_HAL_Driver/Src/stm32f7xx_hal_jpeg.c:2307:13:HAL_JPEG_InfoReadyCallback	16	static
../Drivers/STM32F7xx_HAL_Driver/Src/stm32f7xx_hal_jpeg.c:2324:13:HAL_JPEG_EncodeCpltCallback	16	static
../Drivers/STM32F7xx_HAL_Driver/Src/stm32f7xx_hal_jpeg.c:2340:13:HAL_JPEG_DecodeCpltCallback	16	static
../Drivers/STM32F7xx_HAL_Driver/Src/stm32f7xx_hal_jpeg.c:2356:13:HAL_JPEG_ErrorCallback	16	static
../Drivers/STM32F7xx_HAL_Driver/Src/stm32f7xx_hal_jpeg.c:2373:13:HAL_JPEG_GetDataCallback	16	static
../Drivers/STM32F7xx_HAL_Driver/Src/stm32f7xx_hal_jpeg.c:2392:13:HAL_JPEG_DataReadyCallback	24	static
../Drivers/STM32F7xx_HAL_Driver/Src/stm32f7xx_hal_jpeg.c:2429:6:HAL_JPEG_IRQHandler	16	static
../Drivers/STM32F7xx_HAL_Driver/Src/stm32f7xx_hal_jpeg.c:2481:23:HAL_JPEG_GetState	16	static
../Drivers/STM32F7xx_HAL_Driver/Src/stm32f7xx_hal_jpeg.c:2492:10:HAL_JPEG_GetError	16	static
../Drivers/STM32F7xx_HAL_Driver/Src/stm32f7xx_hal_jpeg.c:2518:26:JPEG_Bits_To_SizeCodes	48	static
../Drivers/STM32F7xx_HAL_Driver/Src/stm32f7xx_hal_jpeg.c:2577:26:JPEG_ACHuff_BitsVals_To_SizeCodes	1328	static
../Drivers/STM32F7xx_HAL_Driver/Src/stm32f7xx_hal_jpeg.c:2636:26:JPEG_DCHuff_BitsVals_To_SizeCodes	1320	static
../Drivers/STM32F7xx_HAL_Driver/Src/stm32f7xx_hal_jpeg.c:2681:26:JPEG_Set_HuffDC_Mem	112	static
../Drivers/STM32F7xx_HAL_Driver/Src/stm32f7xx_hal_jpeg.c:2741:26:JPEG_Set_HuffAC_Mem	864	static
../Drivers/STM32F7xx_HAL_Driver/Src/stm32f7xx_hal_jpeg.c:2814:26:JPEG_Set_HuffEnc_Mem	24	static
../Drivers/STM32F7xx_HAL_Driver/Src/stm32f7xx_hal_jpeg.c:2857:13:JPEG_Set_Huff_DHTMem	48	static
../Drivers/STM32F7xx_HAL_Driver/Src/stm32f7xx_hal_jpeg.c:3048:17:JPEG_Set_Quantization_Mem	48	static
../Drivers/STM32F7xx_HAL_Driver/Src/stm32f7xx_hal_jpeg.c:3110:13:JPEG_SetColorYCBCR	32	static
../Drivers/STM32F7xx_HAL_Driver/Src/stm32f7xx_hal_jpeg.c:3171:13:JPEG_SetColorGrayScale	16	static
../Drivers/STM32F7xx_HAL_Driver/Src/stm32f7xx_hal_jpeg.c:3191:13:JPEG_SetColorCMYK	32	static
../Drivers/STM32F7xx_HAL_Driver/Src/stm32f7xx_hal_jpeg.c:3250:13:JPEG_Init_Process	16	static
../Drivers/STM32F7xx_HAL_Driver/Src/stm32f7xx_hal_jpeg.c:3307:17:JPEG_Process	24	static
../Drivers/STM32F7xx_HAL_Driver/Src/stm32f7xx_hal_jpeg.c:3453:13:JPEG_StoreOutputData	32	static
../Drivers/STM32F7xx_HAL_Driver/Src/stm32f7xx_hal_jpeg.c:3544:13:JPEG_ReadInputData	40	static
../Drivers/STM32F7xx_HAL_Driver/Src/stm32f7xx_hal_jpeg.c:3629:26:JPEG_DMA_StartProcess	16	static
../Drivers/STM32F7xx_HAL_Driver/Src/stm32f7xx_hal_jpeg.c:3687:13:JPEG_DMA_ContinueProcess	16	static
../Drivers/STM32F7xx_HAL_Driver/Src/stm32f7xx_hal_jpeg.c:3758:13:JPEG_DMA_EndProcess	24	static
../Drivers/STM32F7xx_HAL_Driver/Src/stm32f7xx_hal_jpeg.c:3838:13:JPEG_DMA_PollResidualData	32	static
../Drivers/STM32F7xx_HAL_Driver/Src/stm32f7xx_hal_jpeg.c:3925:13:JPEG_DMAInCpltCallback	24	static
../Drivers/STM32F7xx_HAL_Driver/Src/stm32f7xx_hal_jpeg.c:3986:13:JPEG_DMAOutCpltCallback	24	static
../Drivers/STM32F7xx_HAL_Driver/Src/stm32f7xx_hal_jpeg.c:4038:13:JPEG_DMAErrorCallback	24	static
../Drivers/STM32F7xx_HAL_Driver/Src/stm32f7xx_hal_jpeg.c:4069:13:JPEG_DMAOutAbortCallback	24	static
../Drivers/STM32F7xx_HAL_Driver/Src/stm32f7xx_hal_jpeg.c:4086:17:JPEG_GetQuality	48	static
