../Drivers/STM32F7xx_HAL_Driver/Src/stm32f7xx_hal_mmc.c:327:19:HAL_MMC_Init	16	static
../Drivers/STM32F7xx_HAL_Driver/Src/stm32f7xx_hal_mmc.c:395:19:HAL_MMC_InitCard	72	static
../Drivers/STM32F7xx_HAL_Driver/Src/stm32f7xx_hal_mmc.c:455:19:HAL_MMC_DeInit	16	static
../Drivers/STM32F7xx_HAL_Driver/Src/stm32f7xx_hal_mmc.c:496:13:HAL_MMC_MspInit	16	static
../Drivers/STM32F7xx_HAL_Driver/Src/stm32f7xx_hal_mmc.c:511:13:HAL_MMC_MspDeInit	16	static
../Drivers/STM32F7xx_HAL_Driver/Src/stm32f7xx_hal_mmc.c:552:19:HAL_MMC_ReadBlocks	80	static
../Drivers/STM32F7xx_HAL_Driver/Src/stm32f7xx_hal_mmc.c:764:19:HAL_MMC_WriteBlocks	80	static
../Drivers/STM32F7xx_HAL_Driver/Src/stm32f7xx_hal_mmc.c:950:19:HAL_MMC_ReadBlocks_IT	56	static
../Drivers/STM32F7xx_HAL_Driver/Src/stm32f7xx_hal_mmc.c:1053:19:HAL_MMC_WriteBlocks_IT	56	static
../Drivers/STM32F7xx_HAL_Driver/Src/stm32f7xx_hal_mmc.c:1156:19:HAL_MMC_ReadBlocks_DMA	56	static
../Drivers/STM32F7xx_HAL_Driver/Src/stm32f7xx_hal_mmc.c:1280:19:HAL_MMC_WriteBlocks_DMA	56	static
../Drivers/STM32F7xx_HAL_Driver/Src/stm32f7xx_hal_mmc.c:1401:19:HAL_MMC_Erase	40	static
../Drivers/STM32F7xx_HAL_Driver/Src/stm32f7xx_hal_mmc.c:1498:6:HAL_MMC_IRQHandler	24	static
../Drivers/STM32F7xx_HAL_Driver/Src/stm32f7xx_hal_mmc.c:1688:22:HAL_MMC_GetState	16	static
../Drivers/STM32F7xx_HAL_Driver/Src/stm32f7xx_hal_mmc.c:1699:10:HAL_MMC_GetError	16	static
../Drivers/STM32F7xx_HAL_Driver/Src/stm32f7xx_hal_mmc.c:1709:13:HAL_MMC_TxCpltCallback	16	static
../Drivers/STM32F7xx_HAL_Driver/Src/stm32f7xx_hal_mmc.c:1724:13:HAL_MMC_RxCpltCallback	16	static
../Drivers/STM32F7xx_HAL_Driver/Src/stm32f7xx_hal_mmc.c:1739:13:HAL_MMC_ErrorCallback	16	static
../Drivers/STM32F7xx_HAL_Driver/Src/stm32f7xx_hal_mmc.c:1754:13:HAL_MMC_AbortCallback	16	static
../Drivers/STM32F7xx_HAL_Driver/Src/stm32f7xx_hal_mmc.c:1965:19:HAL_MMC_GetCardCID	16	static
../Drivers/STM32F7xx_HAL_Driver/Src/stm32f7xx_hal_mmc.c:1998:19:HAL_MMC_GetCardCSD	16	static
../Drivers/STM32F7xx_HAL_Driver/Src/stm32f7xx_hal_mmc.c:2091:19:HAL_MMC_GetCardInfo	16	static
../Drivers/STM32F7xx_HAL_Driver/Src/stm32f7xx_hal_mmc.c:2115:19:HAL_MMC_ConfigWideBusOperation	80	static
../Drivers/STM32F7xx_HAL_Driver/Src/stm32f7xx_hal_mmc.c:2246:26:HAL_MMC_GetCardState	32	static
../Drivers/STM32F7xx_HAL_Driver/Src/stm32f7xx_hal_mmc.c:2269:19:HAL_MMC_Abort	24	static
../Drivers/STM32F7xx_HAL_Driver/Src/stm32f7xx_hal_mmc.c:2326:19:HAL_MMC_Abort_IT	24	static
../Drivers/STM32F7xx_HAL_Driver/Src/stm32f7xx_hal_mmc.c:2407:13:MMC_DMATransmitCplt	24	static
../Drivers/STM32F7xx_HAL_Driver/Src/stm32f7xx_hal_mmc.c:2420:13:MMC_DMAReceiveCplt	24	static
../Drivers/STM32F7xx_HAL_Driver/Src/stm32f7xx_hal_mmc.c:2461:13:MMC_DMAError	32	static
../Drivers/STM32F7xx_HAL_Driver/Src/stm32f7xx_hal_mmc.c:2504:13:MMC_DMATxAbort	24	static
../Drivers/STM32F7xx_HAL_Driver/Src/stm32f7xx_hal_mmc.c:2549:13:MMC_DMARxAbort	24	static
../Drivers/STM32F7xx_HAL_Driver/Src/stm32f7xx_hal_mmc.c:2594:17:MMC_InitCard	96	static
../Drivers/STM32F7xx_HAL_Driver/Src/stm32f7xx_hal_mmc.c:2678:17:MMC_PowerON	32	static
../Drivers/STM32F7xx_HAL_Driver/Src/stm32f7xx_hal_mmc.c:2730:13:MMC_PowerOFF	16	static
../Drivers/STM32F7xx_HAL_Driver/Src/stm32f7xx_hal_mmc.c:2743:17:MMC_SendStatus	24	static
../Drivers/STM32F7xx_HAL_Driver/Src/stm32f7xx_hal_mmc.c:2771:13:MMC_Read_IT	32	static
../Drivers/STM32F7xx_HAL_Driver/Src/stm32f7xx_hal_mmc.c:2810:13:MMC_Write_IT	32	static
