../Drivers/STM32F7xx_HAL_Driver/Src/stm32f7xx_hal_mdios.c:188:19:HAL_MDIOS_Init	24	static
../Drivers/STM32F7xx_HAL_Driver/Src/stm32f7xx_hal_mdios.c:260:19:HAL_MDIOS_DeInit	16	static
../Drivers/STM32F7xx_HAL_Driver/Src/stm32f7xx_hal_mdios.c:308:14:HAL_MDIOS_MspInit	16	static
../Drivers/STM32F7xx_HAL_Driver/Src/stm32f7xx_hal_mdios.c:323:14:HAL_MDIOS_MspDeInit	16	static
../Drivers/STM32F7xx_HAL_Driver/Src/stm32f7xx_hal_mdios.c:564:19:HAL_MDIOS_WriteReg	32	static
../Drivers/STM32F7xx_HAL_Driver/Src/stm32f7xx_hal_mdios.c:593:19:HAL_MDIOS_ReadReg	32	static
../Drivers/STM32F7xx_HAL_Driver/Src/stm32f7xx_hal_mdios.c:620:10:HAL_MDIOS_GetWrittenRegAddress	16	static
../Drivers/STM32F7xx_HAL_Driver/Src/stm32f7xx_hal_mdios.c:630:10:HAL_MDIOS_GetReadRegAddress	16	static
../Drivers/STM32F7xx_HAL_Driver/Src/stm32f7xx_hal_mdios.c:641:19:HAL_MDIOS_ClearWriteRegAddress	16	static
../Drivers/STM32F7xx_HAL_Driver/Src/stm32f7xx_hal_mdios.c:664:19:HAL_MDIOS_ClearReadRegAddress	16	static
../Drivers/STM32F7xx_HAL_Driver/Src/stm32f7xx_hal_mdios.c:686:19:HAL_MDIOS_EnableEvents	16	static
../Drivers/STM32F7xx_HAL_Driver/Src/stm32f7xx_hal_mdios.c:705:6:HAL_MDIOS_IRQHandler	16	static
../Drivers/STM32F7xx_HAL_Driver/Src/stm32f7xx_hal_mdios.c:785:14:HAL_MDIOS_WriteCpltCallback	16	static
../Drivers/STM32F7xx_HAL_Driver/Src/stm32f7xx_hal_mdios.c:800:14:HAL_MDIOS_ReadCpltCallback	16	static
../Drivers/STM32F7xx_HAL_Driver/Src/stm32f7xx_hal_mdios.c:815:14:HAL_MDIOS_ErrorCallback	16	static
../Drivers/STM32F7xx_HAL_Driver/Src/stm32f7xx_hal_mdios.c:830:13:HAL_MDIOS_WakeUpCallback	16	static
../Drivers/STM32F7xx_HAL_Driver/Src/stm32f7xx_hal_mdios.c:865:10:HAL_MDIOS_GetError	16	static
../Drivers/STM32F7xx_HAL_Driver/Src/stm32f7xx_hal_mdios.c:876:24:HAL_MDIOS_GetState	16	static
