../Drivers/STM32F7xx_HAL_Driver/Src/stm32f7xx_hal_irda.c:325:19:HAL_IRDA_Init	16	static
../Drivers/STM32F7xx_HAL_Driver/Src/stm32f7xx_hal_irda.c:390:19:HAL_IRDA_DeInit	16	static
../Drivers/STM32F7xx_HAL_Driver/Src/stm32f7xx_hal_irda.c:433:13:HAL_IRDA_MspInit	16	static
../Drivers/STM32F7xx_HAL_Driver/Src/stm32f7xx_hal_irda.c:449:13:HAL_IRDA_MspDeInit	16	static
../Drivers/STM32F7xx_HAL_Driver/Src/stm32f7xx_hal_irda.c:796:19:HAL_IRDA_Transmit	48	static
../Drivers/STM32F7xx_HAL_Driver/Src/stm32f7xx_hal_irda.c:885:19:HAL_IRDA_Receive	48	static
../Drivers/STM32F7xx_HAL_Driver/Src/stm32f7xx_hal_irda.c:975:19:HAL_IRDA_Transmit_IT	24	static
../Drivers/STM32F7xx_HAL_Driver/Src/stm32f7xx_hal_irda.c:1020:19:HAL_IRDA_Receive_IT	24	static
../Drivers/STM32F7xx_HAL_Driver/Src/stm32f7xx_hal_irda.c:1072:19:HAL_IRDA_Transmit_DMA	24	static
../Drivers/STM32F7xx_HAL_Driver/Src/stm32f7xx_hal_irda.c:1152:19:HAL_IRDA_Receive_DMA	24	static
../Drivers/STM32F7xx_HAL_Driver/Src/stm32f7xx_hal_irda.c:1228:19:HAL_IRDA_DMAPause	16	static
../Drivers/STM32F7xx_HAL_Driver/Src/stm32f7xx_hal_irda.c:1266:19:HAL_IRDA_DMAResume	16	static
../Drivers/STM32F7xx_HAL_Driver/Src/stm32f7xx_hal_irda.c:1301:19:HAL_IRDA_DMAStop	16	static
../Drivers/STM32F7xx_HAL_Driver/Src/stm32f7xx_hal_irda.c:1378:19:HAL_IRDA_Abort	16	static
../Drivers/STM32F7xx_HAL_Driver/Src/stm32f7xx_hal_irda.c:1464:19:HAL_IRDA_AbortTransmit	16	static
../Drivers/STM32F7xx_HAL_Driver/Src/stm32f7xx_hal_irda.c:1516:19:HAL_IRDA_AbortReceive	16	static
../Drivers/STM32F7xx_HAL_Driver/Src/stm32f7xx_hal_irda.c:1574:19:HAL_IRDA_Abort_IT	24	static
../Drivers/STM32F7xx_HAL_Driver/Src/stm32f7xx_hal_irda.c:1706:19:HAL_IRDA_AbortTransmit_IT	16	static
../Drivers/STM32F7xx_HAL_Driver/Src/stm32f7xx_hal_irda.c:1784:19:HAL_IRDA_AbortReceive_IT	16	static
../Drivers/STM32F7xx_HAL_Driver/Src/stm32f7xx_hal_irda.c:1860:6:HAL_IRDA_IRQHandler	40	static
../Drivers/STM32F7xx_HAL_Driver/Src/stm32f7xx_hal_irda.c:2020:13:HAL_IRDA_TxCpltCallback	16	static
../Drivers/STM32F7xx_HAL_Driver/Src/stm32f7xx_hal_irda.c:2036:13:HAL_IRDA_TxHalfCpltCallback	16	static
../Drivers/STM32F7xx_HAL_Driver/Src/stm32f7xx_hal_irda.c:2052:13:HAL_IRDA_RxCpltCallback	16	static
../Drivers/STM32F7xx_HAL_Driver/Src/stm32f7xx_hal_irda.c:2068:13:HAL_IRDA_RxHalfCpltCallback	16	static
../Drivers/STM32F7xx_HAL_Driver/Src/stm32f7xx_hal_irda.c:2084:13:HAL_IRDA_ErrorCallback	16	static
../Drivers/STM32F7xx_HAL_Driver/Src/stm32f7xx_hal_irda.c:2100:13:HAL_IRDA_AbortCpltCallback	16	static
../Drivers/STM32F7xx_HAL_Driver/Src/stm32f7xx_hal_irda.c:2116:13:HAL_IRDA_AbortTransmitCpltCallback	16	static
../Drivers/STM32F7xx_HAL_Driver/Src/stm32f7xx_hal_irda.c:2132:13:HAL_IRDA_AbortReceiveCpltCallback	16	static
../Drivers/STM32F7xx_HAL_Driver/Src/stm32f7xx_hal_irda.c:2171:23:HAL_IRDA_GetState	24	static
../Drivers/STM32F7xx_HAL_Driver/Src/stm32f7xx_hal_irda.c:2188:10:HAL_IRDA_GetError	16	static
../Drivers/STM32F7xx_HAL_Driver/Src/stm32f7xx_hal_irda.c:2232:26:IRDA_SetConfig	32	static
../Drivers/STM32F7xx_HAL_Driver/Src/stm32f7xx_hal_irda.c:2310:26:IRDA_CheckIdleState	32	static
../Drivers/STM32F7xx_HAL_Driver/Src/stm32f7xx_hal_irda.c:2351:26:IRDA_WaitOnFlagUntilTimeout	24	static
../Drivers/STM32F7xx_HAL_Driver/Src/stm32f7xx_hal_irda.c:2385:13:IRDA_EndTxTransfer	16	static
../Drivers/STM32F7xx_HAL_Driver/Src/stm32f7xx_hal_irda.c:2401:13:IRDA_EndRxTransfer	16	static
../Drivers/STM32F7xx_HAL_Driver/Src/stm32f7xx_hal_irda.c:2418:13:IRDA_DMATransmitCplt	24	static
../Drivers/STM32F7xx_HAL_Driver/Src/stm32f7xx_hal_irda.c:2454:13:IRDA_DMATransmitHalfCplt	24	static
../Drivers/STM32F7xx_HAL_Driver/Src/stm32f7xx_hal_irda.c:2473:13:IRDA_DMAReceiveCplt	24	static
../Drivers/STM32F7xx_HAL_Driver/Src/stm32f7xx_hal_irda.c:2509:13:IRDA_DMAReceiveHalfCplt	24	static
../Drivers/STM32F7xx_HAL_Driver/Src/stm32f7xx_hal_irda.c:2528:13:IRDA_DMAError	24	static
../Drivers/STM32F7xx_HAL_Driver/Src/stm32f7xx_hal_irda.c:2568:13:IRDA_DMAAbortOnError	24	static
../Drivers/STM32F7xx_HAL_Driver/Src/stm32f7xx_hal_irda.c:2591:13:IRDA_DMATxAbortCallback	24	static
../Drivers/STM32F7xx_HAL_Driver/Src/stm32f7xx_hal_irda.c:2639:13:IRDA_DMARxAbortCallback	24	static
../Drivers/STM32F7xx_HAL_Driver/Src/stm32f7xx_hal_irda.c:2687:13:IRDA_DMATxOnlyAbortCallback	24	static
../Drivers/STM32F7xx_HAL_Driver/Src/stm32f7xx_hal_irda.c:2714:13:IRDA_DMARxOnlyAbortCallback	24	static
../Drivers/STM32F7xx_HAL_Driver/Src/stm32f7xx_hal_irda.c:2744:13:IRDA_Transmit_IT	24	static
../Drivers/STM32F7xx_HAL_Driver/Src/stm32f7xx_hal_irda.c:2783:13:IRDA_EndTransmit_IT	16	static
../Drivers/STM32F7xx_HAL_Driver/Src/stm32f7xx_hal_irda.c:2808:13:IRDA_Receive_IT	24	static
